// Jest Snapshot v1, https://goo.gl/fbAQLP

exports[`renders without crashing 1`] = `
<div
  className="popup"
>
  <div
    className="popup-inner"
  >
    <button
      className="close-popup"
      onClick={[Function]}
    >
      X
    </button>
    <h3
      className="banner-text header-two"
    >
      Sign Up
    </h3>
    <form
      id="create-account"
      onSubmit={[Function]}
    >
      <div
        className="form-item"
      >
        <label
          htmlFor="email"
        >
          Email
        </label>
        <input
          name="email"
          onChange={[Function]}
          required={true}
          type="email"
        />
      </div>
      <div
        className="form-item"
      >
        <label
          htmlFor="password"
        >
          password
        </label>
        <input
          name="password"
          onChange={[Function]}
          required={true}
          type="password"
        />
      </div>
      <div
        className="form-item"
      >
        <label
          htmlFor="firstname"
        >
          First Name
        </label>
        <input
          name="firstname"
          onChange={[Function]}
          placeholder="Smithy"
          required={true}
          type="text"
        />
      </div>
      <div
        className="form-item"
      >
        <label
          htmlFor="lastname"
        >
          Last Name
        </label>
        <input
          name="lastname"
          onChange={[Function]}
          placeholder="Smitherson"
          required={true}
          type="text"
        />
      </div>
      <div
        className="form-item"
      >
        <label
          htmlFor="age"
        >
          Age
        </label>
        <input
          name="age"
          onChange={[Function]}
          required={true}
          type="text"
        />
      </div>
      <div
        className="form-item-dropdown"
      >
        <label
          htmlFor="usergender"
        >
          Gender
        </label>
        <select
          name="usergender"
          onChange={[Function]}
          required={true}
        >
          <option>
            please pick one
          </option>
          <option
            value="male"
          >
            male
          </option>
          <option
            value="female"
          >
            female
          </option>
          <option
            value="other"
          >
            other
          </option>
        </select>
      </div>
      <div
        className="form-item-dropdown"
      >
        <label
          htmlFor="prefgender"
        >
          Looking for
        </label>
        <select
          name="prefgender"
          onChange={[Function]}
          required={true}
        >
          <option>
            please pick one
          </option>
          <option
            value="male"
          >
            male
          </option>
          <option
            value="female"
          >
            female
          </option>
          <option
            value="other"
          >
            either
          </option>
        </select>
      </div>
      <div
        className="form-item"
      >
        <label
          htmlFor="province"
        >
          Province
        </label>
        <input
          name="province"
          onChange={[Function]}
          required={true}
          type="text"
        />
      </div>
      <div
        className="form-item"
      >
        <label
          htmlFor="city"
        >
          City
        </label>
        <input
          name="city"
          onChange={[Function]}
          required={true}
          type="text"
        />
      </div>
      <div
        className="form-item"
      >
        <label
          htmlFor="image"
        >
          Apartment Image
        </label>
        <input
          name="image"
          onChange={[Function]}
          placeholder="as hyperlink"
          required={true}
          type="url"
        />
      </div>
      <div
        className="form-item"
      >
        <label
          htmlFor="userblurb"
        >
          Details
        </label>
        <textarea
          name="userblurb"
          onChange={[Function]}
          placeholder="Tell us about yourself! What is the first thing you want potential partners to know?"
          required={true}
          rows="5"
        />
      </div>
      <div
        className="checkbox-wrap"
      >
        <label
          className="listing-section"
          htmlFor="listing"
        >
          List your place?
        </label>
        <input
          className="listing-section"
          name="listing"
          onClick={[Function]}
          type="checkbox"
        />
      </div>
      <div />
      <div
        className="button-wrap"
      >
        <button
          className="rounded-button"
          type="submit"
        >
          Submit
        </button>
      </div>
    </form>
  </div>
</div>
`;
