// Jest Snapshot v1, https://goo.gl/fbAQLP

exports[`renders without crashing 1`] = `
<Fragment>
  <a
    alt="email me here"
    href="mailto:dj.dagorne@gmail.com"
    rel="noopener noreferrer"
    target="_blank"
  >
    <span
      className="text-shadow fas fa-envelope-square 2x"
      hover="email me here"
    />
  </a>
  <a
    alt="check my github here"
    href="https://github.com/djdagorne"
    rel="noopener noreferrer"
    target="_blank"
  >
    <span
      className="text-shadow fab fa-github-square 2x"
      hover="check my github here"
    />
  </a>
  <a
    alt="check my linkedin here"
    href="https://www.linkedin.com/in/dexter-dagorne-81461a18a/"
    rel="noopener noreferrer"
    target="_blank"
  >
    <span
      className="text-shadow fab fa-linkedin 2x"
      hover="check my linkedin here"
    />
  </a>
</Fragment>
`;
