// Jest Snapshot v1, https://goo.gl/fbAQLP

exports[`renders without crashing 1`] = `
<div
  className="popup"
>
  <div
    className="popup-inner"
  >
    <button
      className="close-popup"
      onClick={[Function]}
    >
      X
    </button>
    <h2>
      Log In
    </h2>
    <form
      id="sign-up"
    >
      <div />
      <div
        className="form-item"
      >
        <label
          htmlFor="email"
        >
          Email (john@email.com)
        </label>
        <input
          name="email"
          placeholder="john@email.com"
          required={true}
          type="email"
        />
      </div>
      <div
        className="form-item"
      >
        <label
          htmlFor="Password"
        >
          Password (AAaa11!!)
        </label>
        <input
          name="password"
          placeholder="********"
          required={true}
          type="password"
        />
      </div>
      <div
        className="button-wrap"
      >
        <button
          className="rounded-button"
          type="submit"
        >
          Log in
        </button>
      </div>
    </form>
  </div>
</div>
`;
