// Jest Snapshot v1, https://goo.gl/fbAQLP

exports[`renders without crashing 1`] = `
<div
  className="content-container"
>
  <h1
    className="banner-text header-one"
  >
    Search
  </h1>
  <form
    className="search "
    onSubmit={[Function]}
  >
    <h2>
      Find listings in...
    </h2>
    <div
      className="search-segment"
    >
      <label
        htmlFor="province"
      >
        province/state:
      </label>
      <input
        name="searchProvince"
        onChange={[Function]}
        placeholder="eg Ontario"
        type="text"
      />
    </div>
    <div
      className="search-segment"
    >
      <label
        htmlFor="city"
      >
        city:
      </label>
      <input
        name="searchCity"
        onChange={[Function]}
        placeholder="eg Toronto"
        type="text"
      />
    </div>
    <div
      className="search-segment"
    >
      <label
        htmlFor="price"
      >
        With monthly rent as high as:
      </label>
      <input
        name="searchRent"
        onChange={[Function]}
        placeholder="eg 750"
        required={true}
        type="text"
      />
    </div>
    <div
      className="button-wrap"
    >
      <button
        className="rounded-button"
        type="submit"
      >
        SEARCH
      </button>
    </div>
  </form>
</div>
`;
